target_test_exit_code=1
--- SOURCE MATCHES ---
src/main/java/com/spacesim/trade/FleetTradeProfile.java:110:            throw new IllegalArgumentException("Некорректный runtime faction ID флота");
--- STACK / ERROR ---
33:[INFO] Running com.spacesim.player.Stage17TransitFleetAffiliationAcceptanceTest
34:[ERROR] Tests run: 1, Failures: 0, Errors: 1, Skipped: 0, Time elapsed: 0.824 s <<< FAILURE! -- in com.spacesim.player.Stage17TransitFleetAffiliationAcceptanceTest
35:[ERROR] com.spacesim.player.Stage17TransitFleetAffiliationAcceptanceTest.transitAffiliationSurvivesMidJumpSaveLoadAndOrdinaryArrival -- Time elapsed: 0.758 s <<< ERROR!
36:java.lang.IllegalArgumentException: Некорректный runtime faction ID флота
37:	at com.spacesim.trade.FleetTradeProfile.<init>(FleetTradeProfile.java:110)
38:	at com.spacesim.systems.TradeAISystem.createFleetTradeProfile(TradeAISystem.java:383)
39:	at com.spacesim.systems.TradeAISystem.processIdle(TradeAISystem.java:271)
40:	at com.spacesim.systems.TradeAISystem.processEntity(TradeAISystem.java:248)
42:	at com.spacesim.systems.TradeAISystem.update(TradeAISystem.java:221)
44:	at com.spacesim.simulation.SimulationSession.advanceStrategicSteps(SimulationSession.java:287)
45:	at com.spacesim.world.WorldSimulation.advanceFrame(WorldSimulation.java:273)
46:	at com.spacesim.player.PlayerRuntime.advanceFrame(PlayerRuntime.java:139)
47:	at com.spacesim.player.Stage17TransitFleetAffiliationAcceptanceTest.transitAffiliationSurvivesMidJumpSaveLoadAndOrdinaryArrival(Stage17TransitFleetAffiliationAcceptanceTest.java:99)
55:[ERROR] Errors: 
56:[ERROR]   Stage17TransitFleetAffiliationAcceptanceTest.transitAffiliationSurvivesMidJumpSaveLoadAndOrdinaryArrival:99 » IllegalArgument Некорректный runtime faction ID флота
58:[ERROR] Tests run: 1, Failures: 0, Errors: 1, Skipped: 0
--- TARGET LOG TAIL ---
[INFO] Scanning for projects...
[INFO] 
[INFO] ---------------------< com.spacesim:economy-core >----------------------
[INFO] Building economy-core 1.0-SNAPSHOT
[INFO]   from pom.xml
[INFO] --------------------------------[ jar ]---------------------------------
[INFO] 
[INFO] --- jacoco:0.8.15:prepare-agent (prepare-coverage-agent) @ economy-core ---
[INFO] argLine set to -javaagent:/home/runner/.m2/repository/org/jacoco/org.jacoco.agent/0.8.15/org.jacoco.agent-0.8.15-runtime.jar=destfile=/home/runner/work/StarEmpires/StarEmpires/target/jacoco.exec,excludes=com/spacesim/SpaceSimGame*:com/spacesim/PlayableTestGame*:com/spacesim/desktop/**:com/spacesim/ui/WorldMapRenderer*:com/spacesim/ui/LocalMinimapRenderer*
[INFO] 
[INFO] --- resources:3.4.0:resources (default-resources) @ economy-core ---
[INFO] Copying 8 resources from src/main/resources to target/classes
[INFO] 
[INFO] --- compiler:3.15.0:compile (default-compile) @ economy-core ---
[INFO] Recompiling the module because of changed source code.
[INFO] Compiling 295 source files with javac [debug release 17] to target/classes
[INFO] /home/runner/work/StarEmpires/StarEmpires/src/main/java/com/spacesim/world/WorldTradeRouteCostModel.java: /home/runner/work/StarEmpires/StarEmpires/src/main/java/com/spacesim/world/WorldTradeRouteCostModel.java uses unchecked or unsafe operations.
[INFO] /home/runner/work/StarEmpires/StarEmpires/src/main/java/com/spacesim/world/WorldTradeRouteCostModel.java: Recompile with -Xlint:unchecked for details.
[INFO] 
[INFO] --- resources:3.4.0:testResources (default-testResources) @ economy-core ---
[INFO] skip non existing resourceDirectory /home/runner/work/StarEmpires/StarEmpires/src/test/resources
[INFO] 
[INFO] --- compiler:3.15.0:testCompile (default-testCompile) @ economy-core ---
[INFO] Recompiling the module because of changed dependency.
[INFO] Compiling 172 source files with javac [debug release 17] to target/test-classes
[INFO] 
[INFO] --- surefire:3.5.4:test (default-test) @ economy-core ---
[INFO] Using auto detected provider org.apache.maven.surefire.junitplatform.JUnitPlatformProvider
[INFO] 
[INFO] -------------------------------------------------------
[INFO]  T E S T S
[INFO] -------------------------------------------------------
[INFO] Running com.spacesim.player.Stage17TransitFleetAffiliationAcceptanceTest
[ERROR] Tests run: 1, Failures: 0, Errors: 1, Skipped: 0, Time elapsed: 0.824 s <<< FAILURE! -- in com.spacesim.player.Stage17TransitFleetAffiliationAcceptanceTest
[ERROR] com.spacesim.player.Stage17TransitFleetAffiliationAcceptanceTest.transitAffiliationSurvivesMidJumpSaveLoadAndOrdinaryArrival -- Time elapsed: 0.758 s <<< ERROR!
java.lang.IllegalArgumentException: Некорректный runtime faction ID флота
	at com.spacesim.trade.FleetTradeProfile.<init>(FleetTradeProfile.java:110)
	at com.spacesim.systems.TradeAISystem.createFleetTradeProfile(TradeAISystem.java:383)
	at com.spacesim.systems.TradeAISystem.processIdle(TradeAISystem.java:271)
	at com.spacesim.systems.TradeAISystem.processEntity(TradeAISystem.java:248)
	at com.badlogic.ashley.systems.IteratingSystem.update(IteratingSystem.java:66)
	at com.spacesim.systems.TradeAISystem.update(TradeAISystem.java:221)
	at com.badlogic.ashley.core.Engine.update(Engine.java:240)
	at com.spacesim.simulation.SimulationSession.advanceStrategicSteps(SimulationSession.java:287)
	at com.spacesim.world.WorldSimulation.advanceFrame(WorldSimulation.java:273)
	at com.spacesim.player.PlayerRuntime.advanceFrame(PlayerRuntime.java:139)
	at com.spacesim.player.Stage17TransitFleetAffiliationAcceptanceTest.transitAffiliationSurvivesMidJumpSaveLoadAndOrdinaryArrival(Stage17TransitFleetAffiliationAcceptanceTest.java:99)
	at java.base/java.lang.reflect.Method.invoke(Method.java:569)
	at java.base/java.util.ArrayList.forEach(ArrayList.java:1511)
	at java.base/java.util.ArrayList.forEach(ArrayList.java:1511)

[INFO] 
[INFO] Results:
[INFO] 
[ERROR] Errors: 
[ERROR]   Stage17TransitFleetAffiliationAcceptanceTest.transitAffiliationSurvivesMidJumpSaveLoadAndOrdinaryArrival:99 » IllegalArgument Некорректный runtime faction ID флота
[INFO] 
[ERROR] Tests run: 1, Failures: 0, Errors: 1, Skipped: 0
[INFO] 
[INFO] ------------------------------------------------------------------------
[INFO] BUILD FAILURE
[INFO] ------------------------------------------------------------------------
[INFO] Total time:  15.627 s
[INFO] Finished at: 2026-08-15T01:36:43Z
[INFO] ------------------------------------------------------------------------
[ERROR] Failed to execute goal org.apache.maven.plugins:maven-surefire-plugin:3.5.4:test (default-test) on project economy-core: 
[ERROR] 
[ERROR] See /home/runner/work/StarEmpires/StarEmpires/target/surefire-reports for the individual test results.
[ERROR] See dump files (if any exist) [date].dump, [date]-jvmRun[N].dump and [date].dumpstream.
[ERROR] -> [Help 1]
[ERROR] 
[ERROR] To see the full stack trace of the errors, re-run Maven with the -e switch.
[ERROR] Re-run Maven using the -X switch to enable full debug logging.
[ERROR] 
[ERROR] For more information about the errors and possible solutions, please read the following articles:
[ERROR] [Help 1] http://cwiki.apache.org/confluence/display/MAVEN/MojoFailureException
