verify_exit_code=1
--- ERROR / FAILURE SUMMARY ---
[INFO] --- jacoco:0.8.15:prepare-agent (prepare-coverage-agent) @ economy-core ---
[INFO] Tests run: 1, Failures: 0, Errors: 0, Skipped: 0, Time elapsed: 0.200 s -- in com.spacesim.DemoWorldDataDrivenContentTest
[INFO] Tests run: 2, Failures: 0, Errors: 0, Skipped: 0, Time elapsed: 0.651 s -- in com.spacesim.player.PlayerRuntimeContinuationTest
[INFO] Tests run: 2, Failures: 0, Errors: 0, Skipped: 0, Time elapsed: 0.136 s -- in com.spacesim.player.PlayerMarketServiceTest
[INFO] Tests run: 1, Failures: 0, Errors: 0, Skipped: 0, Time elapsed: 0.081 s -- in com.spacesim.player.Stage16ConstructionMarketAccessAcceptanceTest
[INFO] Tests run: 4, Failures: 0, Errors: 0, Skipped: 0, Time elapsed: 0.188 s -- in com.spacesim.player.Stage17FactionFoundationAcceptanceTest
[INFO] Tests run: 1, Failures: 0, Errors: 0, Skipped: 0, Time elapsed: 0.051 s -- in com.spacesim.player.Stage16ConstructionOwnershipMutationRegressionTest
[INFO] Tests run: 1, Failures: 0, Errors: 0, Skipped: 0, Time elapsed: 0.249 s -- in com.spacesim.player.Stage12PlayableTradeLoopAcceptanceTest
[INFO] Tests run: 2, Failures: 0, Errors: 0, Skipped: 0, Time elapsed: 0.011 s -- in com.spacesim.player.PlayerStateTest
[INFO] Tests run: 1, Failures: 0, Errors: 0, Skipped: 0, Time elapsed: 0.196 s -- in com.spacesim.player.Stage14PlayerMiningAcceptanceTest
[INFO] Tests run: 3, Failures: 0, Errors: 0, Skipped: 0, Time elapsed: 0.069 s -- in com.spacesim.player.Stage14ShipProgressionAcceptanceTest
[INFO] Tests run: 1, Failures: 0, Errors: 0, Skipped: 0, Time elapsed: 0.254 s -- in com.spacesim.player.Stage16RemoteConstructionHardeningAcceptanceTest
[INFO] Tests run: 3, Failures: 0, Errors: 0, Skipped: 0, Time elapsed: 0.165 s -- in com.spacesim.player.Stage15FormationOrdersAcceptanceTest
[INFO] Tests run: 4, Failures: 0, Errors: 0, Skipped: 0, Time elapsed: 0.116 s -- in com.spacesim.player.Stage15FleetOrdersAcceptanceTest
[INFO] Tests run: 3, Failures: 0, Errors: 0, Skipped: 0, Time elapsed: 0.089 s -- in com.spacesim.player.Stage17LocalFleetAffiliationAcceptanceTest
[INFO] Tests run: 2, Failures: 0, Errors: 0, Skipped: 0, Time elapsed: 0.323 s -- in com.spacesim.player.Stage17OwnedStationAffiliationAcceptanceTest
[INFO] Tests run: 2, Failures: 0, Errors: 0, Skipped: 0, Time elapsed: 0.356 s -- in com.spacesim.player.Stage15TradeMineOrdersAcceptanceTest
[INFO] Tests run: 1, Failures: 0, Errors: 0, Skipped: 0, Time elapsed: 0.298 s -- in com.spacesim.player.Stage16EndToEndAcceptanceTest
[INFO] Tests run: 2, Failures: 0, Errors: 0, Skipped: 0, Time elapsed: 0.049 s -- in com.spacesim.player.Stage16ConstructionManagementModelTest
[INFO] Tests run: 1, Failures: 0, Errors: 0, Skipped: 0, Time elapsed: 0.022 s -- in com.spacesim.player.Stage16OpenMarketConstructionSupplyAcceptanceTest
[INFO] Tests run: 3, Failures: 0, Errors: 0, Skipped: 0, Time elapsed: 0.095 s -- in com.spacesim.player.Stage16SupplyProjectOrderAcceptanceTest
[INFO] Tests run: 3, Failures: 0, Errors: 0, Skipped: 0, Time elapsed: 0.036 s -- in com.spacesim.player.Stage15RouteRiskAcceptanceTest
[INFO] Tests run: 1, Failures: 0, Errors: 0, Skipped: 0, Time elapsed: 0.117 s -- in com.spacesim.player.Stage16PlayerConstructionCompletionAcceptanceTest
[INFO] Tests run: 2, Failures: 0, Errors: 0, Skipped: 0, Time elapsed: 0.026 s -- in com.spacesim.player.PlayableTestWorldFactoryTest
[INFO] Tests run: 2, Failures: 0, Errors: 0, Skipped: 0, Time elapsed: 0.023 s -- in com.spacesim.player.Stage16PlayerConstructionFundingAcceptanceTest
[ERROR] Tests run: 3, Failures: 0, Errors: 1, Skipped: 0, Time elapsed: 0.089 s <<< FAILURE! -- in com.spacesim.player.Stage17TransitFleetAffiliationAcceptanceTest
[ERROR] com.spacesim.player.Stage17TransitFleetAffiliationAcceptanceTest.transitAffiliationSurvivesMidJumpSaveLoadAndOrdinaryArrival -- Time elapsed: 0.034 s <<< ERROR!
[INFO] Tests run: 3, Failures: 0, Errors: 0, Skipped: 0, Time elapsed: 0.063 s -- in com.spacesim.player.PlayerOwnershipServiceTest
[INFO] Tests run: 4, Failures: 0, Errors: 0, Skipped: 0, Time elapsed: 0.041 s -- in com.spacesim.player.Stage16ConstructionPlacementPolicyAcceptanceTest
[INFO] Tests run: 2, Failures: 0, Errors: 0, Skipped: 0, Time elapsed: 0.021 s -- in com.spacesim.player.Stage16PlayerConstructionCancellationAcceptanceTest
[INFO] Tests run: 3, Failures: 0, Errors: 0, Skipped: 0, Time elapsed: 0.040 s -- in com.spacesim.player.PlayerDirectControlTravelTest
[INFO] Tests run: 1, Failures: 0, Errors: 0, Skipped: 0, Time elapsed: 1.643 s -- in com.spacesim.player.Stage14FirstHourAcceptanceTest
[INFO] Tests run: 2, Failures: 0, Errors: 0, Skipped: 0, Time elapsed: 0.056 s -- in com.spacesim.player.Stage16PlayerConstructionAuthoringAcceptanceTest
[INFO] Tests run: 2, Failures: 0, Errors: 0, Skipped: 0, Time elapsed: 0.015 s -- in com.spacesim.player.Stage16PlayerStationFinanceAcceptanceTest
[INFO] Tests run: 1, Failures: 0, Errors: 0, Skipped: 0, Time elapsed: 0.009 s -- in com.spacesim.player.PlayerJumpArrivalAcceptanceTest
[INFO] Tests run: 2, Failures: 0, Errors: 0, Skipped: 0, Time elapsed: 0.024 s -- in com.spacesim.player.Stage16PlayerConstructionDeliveryAcceptanceTest
[INFO] Tests run: 1, Failures: 0, Errors: 0, Skipped: 0, Time elapsed: 0.003 s -- in com.spacesim.player.Stage16PlayerOwnershipCopyTest
[INFO] Tests run: 2, Failures: 0, Errors: 0, Skipped: 0, Time elapsed: 0.034 s -- in com.spacesim.player.Stage17PlayerRuntimeAffiliationAcceptanceTest
[INFO] Tests run: 3, Failures: 0, Errors: 0, Skipped: 0, Time elapsed: 0.064 s -- in com.spacesim.player.GlobalFleetMapModelTest
[INFO] Tests run: 1, Failures: 0, Errors: 0, Skipped: 0, Time elapsed: 0.038 s -- in com.spacesim.player.Stage15CivilianSurvivalAcceptanceTest
[INFO] Tests run: 7, Failures: 0, Errors: 0, Skipped: 0, Time elapsed: 0.024 s -- in com.spacesim.DemoWorldFactoryTest
[INFO] Tests run: 1, Failures: 0, Errors: 0, Skipped: 0, Time elapsed: 0.040 s -- in com.spacesim.simulation.EconomicSimulationDeterminismTest
[INFO] Tests run: 2, Failures: 0, Errors: 0, Skipped: 0, Time elapsed: 0.011 s -- in com.spacesim.simulation.SimulationClockStrategicTest
[INFO] Tests run: 5, Failures: 0, Errors: 0, Skipped: 0, Time elapsed: 0.012 s -- in com.spacesim.simulation.SimulationRandomTest
[INFO] Tests run: 7, Failures: 0, Errors: 0, Skipped: 0, Time elapsed: 0.026 s -- in com.spacesim.simulation.SimulationClockTest
[INFO] Tests run: 3, Failures: 0, Errors: 0, Skipped: 0, Time elapsed: 0.322 s -- in com.spacesim.simulation.SimulationSessionPersistenceTest
[INFO] Tests run: 4, Failures: 0, Errors: 0, Skipped: 0, Time elapsed: 0.009 s -- in com.spacesim.simulation.SimulationLoopTest
[INFO] Tests run: 6, Failures: 0, Errors: 0, Skipped: 0, Time elapsed: 0.035 s -- in com.spacesim.simulation.EntityLifecycleServiceTest
[INFO] Tests run: 3, Failures: 0, Errors: 0, Skipped: 0, Time elapsed: 0.074 s -- in com.spacesim.trade.Stage10InterSystemLogisticsAcceptanceTest
[INFO] Tests run: 3, Failures: 0, Errors: 0, Skipped: 0, Time elapsed: 0.014 s -- in com.spacesim.trade.TradeRouteAccessPlanningTest
[INFO] Tests run: 7, Failures: 0, Errors: 0, Skipped: 0, Time elapsed: 0.043 s -- in com.spacesim.trade.TradeRoutePlannerTest
[INFO] Tests run: 2, Failures: 0, Errors: 0, Skipped: 0, Time elapsed: 0.008 s -- in com.spacesim.trade.GalacticTradeScoringTest
[INFO] Tests run: 4, Failures: 0, Errors: 0, Skipped: 0, Time elapsed: 9.848 s -- in com.spacesim.benchmark.EconomicBenchmarkRunnerTest
[INFO] Tests run: 2, Failures: 0, Errors: 0, Skipped: 0, Time elapsed: 0.497 s -- in com.spacesim.benchmark.Stage9ERecoveryTest
[INFO] Tests run: 3, Failures: 0, Errors: 0, Skipped: 0, Time elapsed: 0.091 s -- in com.spacesim.benchmark.BenchmarkWorldFactoryTest
[INFO] Tests run: 5, Failures: 0, Errors: 0, Skipped: 0, Time elapsed: 0.059 s -- in com.spacesim.world.ConstructionProjectSystemIntegrationTest
[INFO] Tests run: 1, Failures: 0, Errors: 0, Skipped: 0, Time elapsed: 0.014 s -- in com.spacesim.world.FleetIdentityBootstrapTest
[INFO] Tests run: 3, Failures: 0, Errors: 0, Skipped: 0, Time elapsed: 0.119 s -- in com.spacesim.world.ConstructionProjectIntegrationTest
[INFO] Tests run: 1, Failures: 0, Errors: 0, Skipped: 0, Time elapsed: 0.033 s -- in com.spacesim.world.FactionStrategicPolicyEngineTest
[INFO] Tests run: 1, Failures: 0, Errors: 0, Skipped: 0, Time elapsed: 0.318 s -- in com.spacesim.world.FactionExpansionCompetitionCoordinatorTest
[INFO] Tests run: 3, Failures: 0, Errors: 0, Skipped: 0, Time elapsed: 0.005 s -- in com.spacesim.world.StrategicGrowthCompetitionResolverTest
[INFO] Tests run: 2, Failures: 0, Errors: 0, Skipped: 0, Time elapsed: 0.099 s -- in com.spacesim.world.Stage11CPhysicalExpansionAcceptanceTest
[INFO] Tests run: 3, Failures: 0, Errors: 0, Skipped: 0, Time elapsed: 0.009 s -- in com.spacesim.world.StrategicLandmarkTopologyTest
[INFO] Tests run: 1, Failures: 0, Errors: 0, Skipped: 0, Time elapsed: 0.017 s -- in com.spacesim.world.WorldSimulationLifecycleTest
[INFO] Tests run: 2, Failures: 0, Errors: 0, Skipped: 0, Time elapsed: 0.057 s -- in com.spacesim.world.WorldSimulationJumpAcceptanceTest
[INFO] Tests run: 5, Failures: 0, Errors: 0, Skipped: 0, Time elapsed: 0.048 s -- in com.spacesim.world.Stage9DEconomicResponseTest
[INFO] Tests run: 4, Failures: 0, Errors: 0, Skipped: 0, Time elapsed: 0.028 s -- in com.spacesim.world.WorldSimulationFactionEconomyTest
[INFO] Tests run: 5, Failures: 0, Errors: 0, Skipped: 0, Time elapsed: 0.011 s -- in com.spacesim.world.FactionIdentityResolverTest
[INFO] Tests run: 2, Failures: 0, Errors: 0, Skipped: 0, Time elapsed: 0.019 s -- in com.spacesim.world.WorldSimulationFleetIntegrationTest
[INFO] Tests run: 5, Failures: 0, Errors: 0, Skipped: 0, Time elapsed: 0.292 s -- in com.spacesim.world.WorldSimulationTest
[INFO] Tests run: 1, Failures: 0, Errors: 0, Skipped: 0, Time elapsed: 0.006 s -- in com.spacesim.world.WorldGalacticPlannerFactoryTest
[INFO] Tests run: 5, Failures: 0, Errors: 0, Skipped: 0, Time elapsed: 0.006 s -- in com.spacesim.world.GalacticPathPlannerTest
[INFO] Tests run: 4, Failures: 0, Errors: 0, Skipped: 0, Time elapsed: 0.022 s -- in com.spacesim.world.FactionExpansionOpportunityAnalyzerTest
[INFO] Tests run: 3, Failures: 0, Errors: 0, Skipped: 0, Time elapsed: 0.007 s -- in com.spacesim.world.WorldTradeRouteCostModelTest
[INFO] Tests run: 3, Failures: 0, Errors: 0, Skipped: 0, Time elapsed: 0.018 s -- in com.spacesim.world.StrategicGrowthPlanServiceTest
[INFO] Tests run: 3, Failures: 0, Errors: 0, Skipped: 0, Time elapsed: 0.007 s -- in com.spacesim.world.Stage17FactionRuntimeCapacityTest
[INFO] Tests run: 2, Failures: 0, Errors: 0, Skipped: 0, Time elapsed: 0.016 s -- in com.spacesim.world.DestructionEconomicShockTest
[INFO] Tests run: 1, Failures: 0, Errors: 0, Skipped: 0, Time elapsed: 0.006 s -- in com.spacesim.world.Stage9DBudgetGateTest
[INFO] Tests run: 1, Failures: 0, Errors: 0, Skipped: 0, Time elapsed: 0.015 s -- in com.spacesim.world.FleetTransferAcceptanceTest
[INFO] Tests run: 3, Failures: 0, Errors: 0, Skipped: 0, Time elapsed: 0.015 s -- in com.spacesim.world.EconomicBottleneckAnalyzerTest
[INFO] Tests run: 1, Failures: 0, Errors: 0, Skipped: 0, Time elapsed: 0.013 s -- in com.spacesim.world.Stage8FactionEconomyEndToEndTest
[INFO] Tests run: 1, Failures: 0, Errors: 0, Skipped: 0, Time elapsed: 0.015 s -- in com.spacesim.world.WorldSimulationFactionFiscalTest
[INFO] Tests run: 5, Failures: 0, Errors: 0, Skipped: 0, Time elapsed: 0.011 s -- in com.spacesim.world.GalaxyTopologyTest
[INFO] Tests run: 1, Failures: 0, Errors: 0, Skipped: 0, Time elapsed: 0.011 s -- in com.spacesim.world.FleetJumpPersistenceTest
[INFO] Tests run: 7, Failures: 0, Errors: 0, Skipped: 0, Time elapsed: 0.052 s -- in com.spacesim.world.DestructionServiceIntegrationTest
[INFO] Tests run: 1, Failures: 0, Errors: 0, Skipped: 0, Time elapsed: 0.010 s -- in com.spacesim.world.ConstructionDurationIntegrationTest
[INFO] Tests run: 4, Failures: 0, Errors: 0, Skipped: 0, Time elapsed: 0.007 s -- in com.spacesim.world.ConstructionDurationPolicyTest
[INFO] Tests run: 3, Failures: 0, Errors: 0, Skipped: 0, Time elapsed: 0.009 s -- in com.spacesim.world.FleetJumpServiceTest
[INFO] Tests run: 3, Failures: 0, Errors: 0, Skipped: 0, Time elapsed: 0.029 s -- in com.spacesim.world.Stage17LiveFactionResolverAcceptanceTest
[INFO] Tests run: 2, Failures: 0, Errors: 0, Skipped: 0, Time elapsed: 0.015 s -- in com.spacesim.world.WorldSimulationFactionStrategyTest
[INFO] Tests run: 1, Failures: 0, Errors: 0, Skipped: 0, Time elapsed: 0.005 s -- in com.spacesim.world.WorldGalacticRouteChoiceTest
[INFO] Tests run: 3, Failures: 0, Errors: 0, Skipped: 0, Time elapsed: 0.010 s -- in com.spacesim.events.GlobalEventManagerPersistenceTest
[INFO] Tests run: 8, Failures: 0, Errors: 0, Skipped: 0, Time elapsed: 0.049 s -- in com.spacesim.events.GlobalEventManagerTest
[INFO] Tests run: 3, Failures: 0, Errors: 0, Skipped: 0, Time elapsed: 0.004 s -- in com.spacesim.events.NewsGameTimeTest
[INFO] Tests run: 4, Failures: 0, Errors: 0, Skipped: 0, Time elapsed: 0.051 s -- in com.spacesim.persistence.SimulationPersistenceTest
[INFO] Tests run: 5, Failures: 0, Errors: 0, Skipped: 0, Time elapsed: 0.190 s -- in com.spacesim.persistence.GameStateCodecTest
[INFO] Tests run: 3, Failures: 0, Errors: 0, Skipped: 0, Time elapsed: 0.010 s -- in com.spacesim.persistence.Stage17FactionReputationPersistenceTest
[INFO] Tests run: 5, Failures: 0, Errors: 0, Skipped: 0, Time elapsed: 0.189 s -- in com.spacesim.persistence.WorldPersistenceTest
[INFO] Tests run: 7, Failures: 0, Errors: 0, Skipped: 0, Time elapsed: 0.012 s -- in com.spacesim.persistence.EntityIdentityInfrastructureTest
[INFO] Tests run: 2, Failures: 0, Errors: 0, Skipped: 0, Time elapsed: 0.003 s -- in com.spacesim.persistence.PersistentComponentReferenceTest
[INFO] Tests run: 1, Failures: 0, Errors: 0, Skipped: 0, Time elapsed: 0.007 s -- in com.spacesim.persistence.Stage10AWorldMigrationTest
[INFO] Tests run: 4, Failures: 0, Errors: 0, Skipped: 0, Time elapsed: 0.011 s -- in com.spacesim.persistence.Stage17WorldFactionIdentityPersistenceTest
[INFO] Tests run: 1, Failures: 0, Errors: 0, Skipped: 0, Time elapsed: 0.006 s -- in com.spacesim.persistence.GameStateMigrationTest
[INFO] Tests run: 2, Failures: 0, Errors: 0, Skipped: 0, Time elapsed: 0.040 s -- in com.spacesim.persistence.Stage16PlayerOwnershipCodecTest
[INFO] Tests run: 2, Failures: 0, Errors: 0, Skipped: 0, Time elapsed: 0.054 s -- in com.spacesim.persistence.Stage11BGrowthPlanPersistenceTest
[INFO] Tests run: 2, Failures: 0, Errors: 0, Skipped: 0, Time elapsed: 0.016 s -- in com.spacesim.persistence.PlayableWorldStateCodecTest
[INFO] Tests run: 4, Failures: 0, Errors: 0, Skipped: 0, Time elapsed: 0.008 s -- in com.spacesim.persistence.EntityStateMapperTest
[INFO] Tests run: 14, Failures: 0, Errors: 0, Skipped: 0, Time elapsed: 0.101 s -- in com.spacesim.persistence.WorldStateCodecTest
[INFO] Tests run: 3, Failures: 0, Errors: 0, Skipped: 0, Time elapsed: 0.005 s -- in com.spacesim.persistence.EntityIdentityWorldIntegrationTest
[INFO] Tests run: 1, Failures: 0, Errors: 0, Skipped: 0, Time elapsed: 0.012 s -- in com.spacesim.persistence.Stage16WorldConstructionMigrationTest
[INFO] Tests run: 3, Failures: 0, Errors: 0, Skipped: 0, Time elapsed: 0.053 s -- in com.spacesim.ui.EconomyStatusUITest
[INFO] Tests run: 2, Failures: 0, Errors: 0, Skipped: 0, Time elapsed: 0.006 s -- in com.spacesim.ui.NewsUITest
[INFO] Tests run: 1, Failures: 0, Errors: 0, Skipped: 0, Time elapsed: 0.010 s -- in com.spacesim.ui.LocalMinimapModelTest
[INFO] Tests run: 7, Failures: 0, Errors: 0, Skipped: 0, Time elapsed: 0.204 s -- in com.spacesim.ui.EntityDetailsUITest
[INFO] Tests run: 5, Failures: 0, Errors: 0, Skipped: 0, Time elapsed: 0.023 s -- in com.spacesim.ui.WorldMapRendererTest
[INFO] Tests run: 2, Failures: 0, Errors: 0, Skipped: 0, Time elapsed: 0.002 s -- in com.spacesim.ui.PlayableCameraStateTest
[INFO] Tests run: 3, Failures: 0, Errors: 0, Skipped: 0, Time elapsed: 0.005 s -- in com.spacesim.ui.PriceGraphRendererTest
[INFO] Tests run: 2, Failures: 0, Errors: 0, Skipped: 0, Time elapsed: 0.004 s -- in com.spacesim.ui.PlayableMapEntityFilterTest
[INFO] Tests run: 10, Failures: 0, Errors: 0, Skipped: 0, Time elapsed: 0.022 s -- in com.spacesim.ui.WorldMapLayoutTest
[INFO] Tests run: 6, Failures: 0, Errors: 0, Skipped: 0, Time elapsed: 0.015 s -- in com.spacesim.ui.EntityPickerTest
[INFO] Tests run: 8, Failures: 0, Errors: 0, Skipped: 0, Time elapsed: 0.019 s -- in com.spacesim.content.ContentCatalogLoaderTest
[INFO] Tests run: 1, Failures: 0, Errors: 0, Skipped: 0, Time elapsed: 0.009 s -- in com.spacesim.content.ArchetypeEntityFactoryTest
[INFO] Tests run: 3, Failures: 0, Errors: 0, Skipped: 0, Time elapsed: 0.016 s -- in com.spacesim.content.ContentArchetypeValidationTest
[INFO] Tests run: 1, Failures: 0, Errors: 0, Skipped: 0, Time elapsed: 0.005 s -- in com.spacesim.content.DataOnlyItemIntegrationTest
[INFO] Tests run: 3, Failures: 0, Errors: 0, Skipped: 0, Time elapsed: 0.027 s -- in com.spacesim.content.ContentFingerprintTest
[INFO] Tests run: 2, Failures: 0, Errors: 0, Skipped: 0, Time elapsed: 0.026 s -- in com.spacesim.DemoGalaxyFactoryTest
[INFO] Tests run: 4, Failures: 0, Errors: 0, Skipped: 0, Time elapsed: 0.004 s -- in com.spacesim.flight.Stage14FlightDynamicsAcceptanceTest
[INFO] Tests run: 3, Failures: 0, Errors: 0, Skipped: 0, Time elapsed: 0.010 s -- in com.spacesim.model.ItemTypeTest
[INFO] Tests run: 4, Failures: 0, Errors: 0, Skipped: 0, Time elapsed: 0.005 s -- in com.spacesim.model.ShipTypeTest
[INFO] Tests run: 4, Failures: 0, Errors: 0, Skipped: 0, Time elapsed: 0.014 s -- in com.spacesim.presentation.PresentationPipelineTest
[INFO] Tests run: 4, Failures: 0, Errors: 0, Skipped: 0, Time elapsed: 0.018 s -- in com.spacesim.presentation.asset.ShipSpriteSpecTest
[INFO] Tests run: 3, Failures: 0, Errors: 0, Skipped: 0, Time elapsed: 0.008 s -- in com.spacesim.presentation.asset.SpriteOrientationTransformTest
[INFO] Tests run: 3, Failures: 0, Errors: 0, Skipped: 0, Time elapsed: 0.004 s -- in com.spacesim.presentation.asset.ProjectShipSpritesTest
[INFO] Tests run: 3, Failures: 0, Errors: 0, Skipped: 0, Time elapsed: 0.007 s -- in com.spacesim.presentation.validation.FrameTimeWindowTest
[INFO] Tests run: 2, Failures: 0, Errors: 0, Skipped: 0, Time elapsed: 0.007 s -- in com.spacesim.presentation.validation.GraphicsValidationProfileTest
[INFO] Tests run: 4, Failures: 0, Errors: 0, Skipped: 0, Time elapsed: 0.032 s -- in com.spacesim.combat.benchmark.ShipMathematicsV06ThermalAcceptanceTest
[INFO] Tests run: 7, Failures: 0, Errors: 0, Skipped: 0, Time elapsed: 0.014 s -- in com.spacesim.combat.benchmark.ShipMathematicsV08SensorTrackAcceptanceTest
[INFO] Tests run: 4, Failures: 0, Errors: 0, Skipped: 0, Time elapsed: 11.77 s -- in com.spacesim.combat.benchmark.ShipMathematicsV05SweepAcceptanceTest
[INFO] Tests run: 4, Failures: 0, Errors: 0, Skipped: 0, Time elapsed: 0.012 s -- in com.spacesim.combat.benchmark.ShipMathematicsV07ProtectionAcceptanceTest
[INFO] Tests run: 3, Failures: 0, Errors: 0, Skipped: 0, Time elapsed: 0.313 s -- in com.spacesim.combat.benchmark.ShipMathematicsV04AcceptanceTest
[INFO] Tests run: 2, Failures: 0, Errors: 0, Skipped: 0, Time elapsed: 0.010 s -- in com.spacesim.combat.Stage13CombatAcceptanceTest
[INFO] Tests run: 1, Failures: 0, Errors: 0, Skipped: 0, Time elapsed: 0.019 s -- in com.spacesim.economy.MoneyConservationSimulationTest
[INFO] Tests run: 5, Failures: 0, Errors: 0, Skipped: 0, Time elapsed: 0.012 s -- in com.spacesim.economy.EconomicLedgerTest
[INFO] Tests run: 5, Failures: 0, Errors: 0, Skipped: 0, Time elapsed: 0.039 s -- in com.spacesim.economy.MoneyTest
[INFO] Tests run: 3, Failures: 0, Errors: 0, Skipped: 0, Time elapsed: 0.005 s -- in com.spacesim.economy.EconomicInvariantsIntegrationTest
[INFO] Tests run: 1, Failures: 0, Errors: 0, Skipped: 0, Time elapsed: 0.029 s -- in com.spacesim.economy.EconomicLedgerDeterminismTest
[INFO] Tests run: 1, Failures: 0, Errors: 0, Skipped: 0, Time elapsed: 0.001 s -- in com.spacesim.util.SpatialHashGridTest
[INFO] Tests run: 2, Failures: 0, Errors: 0, Skipped: 0, Time elapsed: 0.006 s -- in com.spacesim.components.AsteroidComponentTest
[INFO] Tests run: 3, Failures: 0, Errors: 0, Skipped: 0, Time elapsed: 0.015 s -- in com.spacesim.components.IdentityComponentTest
[INFO] Tests run: 5, Failures: 0, Errors: 0, Skipped: 0, Time elapsed: 0.021 s -- in com.spacesim.components.ShipRoleComponentsTest
[INFO] Tests run: 5, Failures: 0, Errors: 0, Skipped: 0, Time elapsed: 0.007 s -- in com.spacesim.components.WalletComponentTest
[INFO] Tests run: 5, Failures: 0, Errors: 0, Skipped: 0, Time elapsed: 0.011 s -- in com.spacesim.systems.ManualMiningSystemTest
[INFO] Tests run: 5, Failures: 0, Errors: 0, Skipped: 0, Time elapsed: 0.014 s -- in com.spacesim.systems.AsteroidSpawnSystemTest
[INFO] Tests run: 2, Failures: 0, Errors: 0, Skipped: 0, Time elapsed: 0.004 s -- in com.spacesim.systems.MarketSystemTest
[INFO] Tests run: 6, Failures: 0, Errors: 0, Skipped: 0, Time elapsed: 0.004 s -- in com.spacesim.systems.PriceRecorderSystemTest
[INFO] Tests run: 1, Failures: 0, Errors: 0, Skipped: 0, Time elapsed: 0.006 s -- in com.spacesim.systems.CombatAISystemTest
[INFO] Tests run: 9, Failures: 0, Errors: 0, Skipped: 0, Time elapsed: 0.035 s -- in com.spacesim.systems.ProductionSystemTest
[INFO] Tests run: 2, Failures: 0, Errors: 0, Skipped: 0, Time elapsed: 0.009 s -- in com.spacesim.systems.GenericNpcInertiaAcceptanceTest
[INFO] Tests run: 14, Failures: 0, Errors: 0, Skipped: 0, Time elapsed: 0.069 s -- in com.spacesim.systems.TradeAISystemTest
[INFO] Tests run: 6, Failures: 0, Errors: 0, Skipped: 0, Time elapsed: 0.018 s -- in com.spacesim.systems.ConsumptionSystemTest
[INFO] Tests run: 1, Failures: 0, Errors: 0, Skipped: 0, Time elapsed: 0.004 s -- in com.spacesim.systems.TradeAISystemStaleRouteTest
[INFO] Tests run: 15, Failures: 0, Errors: 0, Skipped: 0, Time elapsed: 0.013 s -- in com.spacesim.systems.MiningSystemTest
[INFO] Tests run: 2, Failures: 0, Errors: 0, Skipped: 0, Time elapsed: 0.006 s -- in com.spacesim.systems.TradeAISystemProfitTimeTest
[INFO] Tests run: 2, Failures: 0, Errors: 0, Skipped: 0, Time elapsed: 0.002 s -- in com.spacesim.controllers.FactionMarketAccessIntegrationTest
[INFO] Tests run: 8, Failures: 0, Errors: 0, Skipped: 0, Time elapsed: 0.008 s -- in com.spacesim.controllers.TradeControllerTest
[INFO] Tests run: 3, Failures: 0, Errors: 0, Skipped: 0, Time elapsed: 0.006 s -- in com.spacesim.controllers.ReputationTradeControllerTest
[INFO] Tests run: 4, Failures: 0, Errors: 0, Skipped: 0, Time elapsed: 0.007 s -- in com.spacesim.controllers.WalletTradeControllerTest
[ERROR] Errors: 
[ERROR]   Stage17TransitFleetAffiliationAcceptanceTest.transitAffiliationSurvivesMidJumpSaveLoadAndOrdinaryArrival:99 » IllegalArgument Некорректный runtime faction ID флота
[ERROR] Tests run: 538, Failures: 0, Errors: 1, Skipped: 0
[INFO] BUILD FAILURE
[ERROR] Failed to execute goal org.apache.maven.plugins:maven-surefire-plugin:3.5.4:test (default-test) on project economy-core: 
[ERROR] 
[ERROR] See /home/runner/work/StarEmpires/StarEmpires/target/surefire-reports for the individual test results.
[ERROR] See dump files (if any exist) [date].dump, [date]-jvmRun[N].dump and [date].dumpstream.
[ERROR] -> [Help 1]
[ERROR] 
[ERROR] To see the full stack trace of the errors, re-run Maven with the -e switch.
[ERROR] Re-run Maven using the -X switch to enable full debug logging.
[ERROR] 
[ERROR] For more information about the errors and possible solutions, please read the following articles:
[ERROR] [Help 1] http://cwiki.apache.org/confluence/display/MAVEN/MojoFailureException
--- LOG TAIL ---
[INFO] Tests run: 2, Failures: 0, Errors: 0, Skipped: 0, Time elapsed: 0.003 s -- in com.spacesim.persistence.PersistentComponentReferenceTest
[INFO] Running com.spacesim.persistence.Stage10AWorldMigrationTest
[INFO] Tests run: 1, Failures: 0, Errors: 0, Skipped: 0, Time elapsed: 0.007 s -- in com.spacesim.persistence.Stage10AWorldMigrationTest
[INFO] Running com.spacesim.persistence.Stage17WorldFactionIdentityPersistenceTest
[INFO] Tests run: 4, Failures: 0, Errors: 0, Skipped: 0, Time elapsed: 0.011 s -- in com.spacesim.persistence.Stage17WorldFactionIdentityPersistenceTest
[INFO] Running com.spacesim.persistence.GameStateMigrationTest
[INFO] Tests run: 1, Failures: 0, Errors: 0, Skipped: 0, Time elapsed: 0.006 s -- in com.spacesim.persistence.GameStateMigrationTest
[INFO] Running com.spacesim.persistence.Stage16PlayerOwnershipCodecTest
[INFO] Tests run: 2, Failures: 0, Errors: 0, Skipped: 0, Time elapsed: 0.040 s -- in com.spacesim.persistence.Stage16PlayerOwnershipCodecTest
[INFO] Running com.spacesim.persistence.Stage11BGrowthPlanPersistenceTest
[INFO] Tests run: 2, Failures: 0, Errors: 0, Skipped: 0, Time elapsed: 0.054 s -- in com.spacesim.persistence.Stage11BGrowthPlanPersistenceTest
[INFO] Running com.spacesim.persistence.PlayableWorldStateCodecTest
[INFO] Tests run: 2, Failures: 0, Errors: 0, Skipped: 0, Time elapsed: 0.016 s -- in com.spacesim.persistence.PlayableWorldStateCodecTest
[INFO] Running com.spacesim.persistence.EntityStateMapperTest
[INFO] Tests run: 4, Failures: 0, Errors: 0, Skipped: 0, Time elapsed: 0.008 s -- in com.spacesim.persistence.EntityStateMapperTest
[INFO] Running com.spacesim.persistence.WorldStateCodecTest
[INFO] Tests run: 14, Failures: 0, Errors: 0, Skipped: 0, Time elapsed: 0.101 s -- in com.spacesim.persistence.WorldStateCodecTest
[INFO] Running com.spacesim.persistence.EntityIdentityWorldIntegrationTest
[INFO] Tests run: 3, Failures: 0, Errors: 0, Skipped: 0, Time elapsed: 0.005 s -- in com.spacesim.persistence.EntityIdentityWorldIntegrationTest
[INFO] Running com.spacesim.persistence.Stage16WorldConstructionMigrationTest
[INFO] Tests run: 1, Failures: 0, Errors: 0, Skipped: 0, Time elapsed: 0.012 s -- in com.spacesim.persistence.Stage16WorldConstructionMigrationTest
[INFO] Running com.spacesim.ui.EconomyStatusUITest
[INFO] Tests run: 3, Failures: 0, Errors: 0, Skipped: 0, Time elapsed: 0.053 s -- in com.spacesim.ui.EconomyStatusUITest
[INFO] Running com.spacesim.ui.NewsUITest
[INFO] Tests run: 2, Failures: 0, Errors: 0, Skipped: 0, Time elapsed: 0.006 s -- in com.spacesim.ui.NewsUITest
[INFO] Running com.spacesim.ui.LocalMinimapModelTest
[INFO] Tests run: 1, Failures: 0, Errors: 0, Skipped: 0, Time elapsed: 0.010 s -- in com.spacesim.ui.LocalMinimapModelTest
[INFO] Running com.spacesim.ui.EntityDetailsUITest
[INFO] Tests run: 7, Failures: 0, Errors: 0, Skipped: 0, Time elapsed: 0.204 s -- in com.spacesim.ui.EntityDetailsUITest
[INFO] Running com.spacesim.ui.WorldMapRendererTest
[INFO] Tests run: 5, Failures: 0, Errors: 0, Skipped: 0, Time elapsed: 0.023 s -- in com.spacesim.ui.WorldMapRendererTest
[INFO] Running com.spacesim.ui.PlayableCameraStateTest
[INFO] Tests run: 2, Failures: 0, Errors: 0, Skipped: 0, Time elapsed: 0.002 s -- in com.spacesim.ui.PlayableCameraStateTest
[INFO] Running com.spacesim.ui.PriceGraphRendererTest
[INFO] Tests run: 3, Failures: 0, Errors: 0, Skipped: 0, Time elapsed: 0.005 s -- in com.spacesim.ui.PriceGraphRendererTest
[INFO] Running com.spacesim.ui.PlayableMapEntityFilterTest
[INFO] Tests run: 2, Failures: 0, Errors: 0, Skipped: 0, Time elapsed: 0.004 s -- in com.spacesim.ui.PlayableMapEntityFilterTest
[INFO] Running com.spacesim.ui.WorldMapLayoutTest
[INFO] Tests run: 10, Failures: 0, Errors: 0, Skipped: 0, Time elapsed: 0.022 s -- in com.spacesim.ui.WorldMapLayoutTest
[INFO] Running com.spacesim.ui.EntityPickerTest
[INFO] Tests run: 6, Failures: 0, Errors: 0, Skipped: 0, Time elapsed: 0.015 s -- in com.spacesim.ui.EntityPickerTest
[INFO] Running com.spacesim.content.ContentCatalogLoaderTest
[INFO] Tests run: 8, Failures: 0, Errors: 0, Skipped: 0, Time elapsed: 0.019 s -- in com.spacesim.content.ContentCatalogLoaderTest
[INFO] Running com.spacesim.content.ArchetypeEntityFactoryTest
[INFO] Tests run: 1, Failures: 0, Errors: 0, Skipped: 0, Time elapsed: 0.009 s -- in com.spacesim.content.ArchetypeEntityFactoryTest
[INFO] Running com.spacesim.content.ContentArchetypeValidationTest
[INFO] Tests run: 3, Failures: 0, Errors: 0, Skipped: 0, Time elapsed: 0.016 s -- in com.spacesim.content.ContentArchetypeValidationTest
[INFO] Running com.spacesim.content.DataOnlyItemIntegrationTest
[INFO] Tests run: 1, Failures: 0, Errors: 0, Skipped: 0, Time elapsed: 0.005 s -- in com.spacesim.content.DataOnlyItemIntegrationTest
[INFO] Running com.spacesim.content.ContentFingerprintTest
[INFO] Tests run: 3, Failures: 0, Errors: 0, Skipped: 0, Time elapsed: 0.027 s -- in com.spacesim.content.ContentFingerprintTest
[INFO] Running com.spacesim.DemoGalaxyFactoryTest
[INFO] Tests run: 2, Failures: 0, Errors: 0, Skipped: 0, Time elapsed: 0.026 s -- in com.spacesim.DemoGalaxyFactoryTest
[INFO] Running com.spacesim.flight.Stage14FlightDynamicsAcceptanceTest
[INFO] Tests run: 4, Failures: 0, Errors: 0, Skipped: 0, Time elapsed: 0.004 s -- in com.spacesim.flight.Stage14FlightDynamicsAcceptanceTest
[INFO] Running com.spacesim.model.ItemTypeTest
[INFO] Tests run: 3, Failures: 0, Errors: 0, Skipped: 0, Time elapsed: 0.010 s -- in com.spacesim.model.ItemTypeTest
[INFO] Running com.spacesim.model.ShipTypeTest
[INFO] Tests run: 4, Failures: 0, Errors: 0, Skipped: 0, Time elapsed: 0.005 s -- in com.spacesim.model.ShipTypeTest
[INFO] Running com.spacesim.presentation.PresentationPipelineTest
[INFO] Tests run: 4, Failures: 0, Errors: 0, Skipped: 0, Time elapsed: 0.014 s -- in com.spacesim.presentation.PresentationPipelineTest
[INFO] Running com.spacesim.presentation.asset.ShipSpriteSpecTest
[INFO] Tests run: 4, Failures: 0, Errors: 0, Skipped: 0, Time elapsed: 0.018 s -- in com.spacesim.presentation.asset.ShipSpriteSpecTest
[INFO] Running com.spacesim.presentation.asset.SpriteOrientationTransformTest
[INFO] Tests run: 3, Failures: 0, Errors: 0, Skipped: 0, Time elapsed: 0.008 s -- in com.spacesim.presentation.asset.SpriteOrientationTransformTest
[INFO] Running com.spacesim.presentation.asset.ProjectShipSpritesTest
[INFO] Tests run: 3, Failures: 0, Errors: 0, Skipped: 0, Time elapsed: 0.004 s -- in com.spacesim.presentation.asset.ProjectShipSpritesTest
[INFO] Running com.spacesim.presentation.validation.FrameTimeWindowTest
[INFO] Tests run: 3, Failures: 0, Errors: 0, Skipped: 0, Time elapsed: 0.007 s -- in com.spacesim.presentation.validation.FrameTimeWindowTest
[INFO] Running com.spacesim.presentation.validation.GraphicsValidationProfileTest
[INFO] Tests run: 2, Failures: 0, Errors: 0, Skipped: 0, Time elapsed: 0.007 s -- in com.spacesim.presentation.validation.GraphicsValidationProfileTest
[INFO] Running com.spacesim.combat.benchmark.ShipMathematicsV06ThermalAcceptanceTest
[INFO] Tests run: 4, Failures: 0, Errors: 0, Skipped: 0, Time elapsed: 0.032 s -- in com.spacesim.combat.benchmark.ShipMathematicsV06ThermalAcceptanceTest
[INFO] Running com.spacesim.combat.benchmark.ShipMathematicsV08SensorTrackAcceptanceTest
[INFO] Tests run: 7, Failures: 0, Errors: 0, Skipped: 0, Time elapsed: 0.014 s -- in com.spacesim.combat.benchmark.ShipMathematicsV08SensorTrackAcceptanceTest
[INFO] Running com.spacesim.combat.benchmark.ShipMathematicsV05SweepAcceptanceTest
[INFO] Tests run: 4, Failures: 0, Errors: 0, Skipped: 0, Time elapsed: 11.77 s -- in com.spacesim.combat.benchmark.ShipMathematicsV05SweepAcceptanceTest
[INFO] Running com.spacesim.combat.benchmark.ShipMathematicsV07ProtectionAcceptanceTest
[INFO] Tests run: 4, Failures: 0, Errors: 0, Skipped: 0, Time elapsed: 0.012 s -- in com.spacesim.combat.benchmark.ShipMathematicsV07ProtectionAcceptanceTest
[INFO] Running com.spacesim.combat.benchmark.ShipMathematicsV04AcceptanceTest
[INFO] Tests run: 3, Failures: 0, Errors: 0, Skipped: 0, Time elapsed: 0.313 s -- in com.spacesim.combat.benchmark.ShipMathematicsV04AcceptanceTest
[INFO] Running com.spacesim.combat.Stage13CombatAcceptanceTest
[INFO] Tests run: 2, Failures: 0, Errors: 0, Skipped: 0, Time elapsed: 0.010 s -- in com.spacesim.combat.Stage13CombatAcceptanceTest
[INFO] Running com.spacesim.economy.MoneyConservationSimulationTest
[INFO] Tests run: 1, Failures: 0, Errors: 0, Skipped: 0, Time elapsed: 0.019 s -- in com.spacesim.economy.MoneyConservationSimulationTest
[INFO] Running com.spacesim.economy.EconomicLedgerTest
[INFO] Tests run: 5, Failures: 0, Errors: 0, Skipped: 0, Time elapsed: 0.012 s -- in com.spacesim.economy.EconomicLedgerTest
[INFO] Running com.spacesim.economy.MoneyTest
[INFO] Tests run: 5, Failures: 0, Errors: 0, Skipped: 0, Time elapsed: 0.039 s -- in com.spacesim.economy.MoneyTest
[INFO] Running com.spacesim.economy.EconomicInvariantsIntegrationTest
[INFO] Tests run: 3, Failures: 0, Errors: 0, Skipped: 0, Time elapsed: 0.005 s -- in com.spacesim.economy.EconomicInvariantsIntegrationTest
[INFO] Running com.spacesim.economy.EconomicLedgerDeterminismTest
[INFO] Tests run: 1, Failures: 0, Errors: 0, Skipped: 0, Time elapsed: 0.029 s -- in com.spacesim.economy.EconomicLedgerDeterminismTest
[INFO] Running com.spacesim.util.SpatialHashGridTest
[INFO] Tests run: 1, Failures: 0, Errors: 0, Skipped: 0, Time elapsed: 0.001 s -- in com.spacesim.util.SpatialHashGridTest
[INFO] Running com.spacesim.components.AsteroidComponentTest
[INFO] Tests run: 2, Failures: 0, Errors: 0, Skipped: 0, Time elapsed: 0.006 s -- in com.spacesim.components.AsteroidComponentTest
[INFO] Running com.spacesim.components.IdentityComponentTest
[INFO] Tests run: 3, Failures: 0, Errors: 0, Skipped: 0, Time elapsed: 0.015 s -- in com.spacesim.components.IdentityComponentTest
[INFO] Running com.spacesim.components.ShipRoleComponentsTest
[INFO] Tests run: 5, Failures: 0, Errors: 0, Skipped: 0, Time elapsed: 0.021 s -- in com.spacesim.components.ShipRoleComponentsTest
[INFO] Running com.spacesim.components.WalletComponentTest
[INFO] Tests run: 5, Failures: 0, Errors: 0, Skipped: 0, Time elapsed: 0.007 s -- in com.spacesim.components.WalletComponentTest
[INFO] Running com.spacesim.systems.ManualMiningSystemTest
[INFO] Tests run: 5, Failures: 0, Errors: 0, Skipped: 0, Time elapsed: 0.011 s -- in com.spacesim.systems.ManualMiningSystemTest
[INFO] Running com.spacesim.systems.AsteroidSpawnSystemTest
[INFO] Tests run: 5, Failures: 0, Errors: 0, Skipped: 0, Time elapsed: 0.014 s -- in com.spacesim.systems.AsteroidSpawnSystemTest
[INFO] Running com.spacesim.systems.MarketSystemTest
[INFO] Tests run: 2, Failures: 0, Errors: 0, Skipped: 0, Time elapsed: 0.004 s -- in com.spacesim.systems.MarketSystemTest
[INFO] Running com.spacesim.systems.PriceRecorderSystemTest
[INFO] Tests run: 6, Failures: 0, Errors: 0, Skipped: 0, Time elapsed: 0.004 s -- in com.spacesim.systems.PriceRecorderSystemTest
[INFO] Running com.spacesim.systems.CombatAISystemTest
[INFO] Tests run: 1, Failures: 0, Errors: 0, Skipped: 0, Time elapsed: 0.006 s -- in com.spacesim.systems.CombatAISystemTest
[INFO] Running com.spacesim.systems.ProductionSystemTest
[INFO] Tests run: 9, Failures: 0, Errors: 0, Skipped: 0, Time elapsed: 0.035 s -- in com.spacesim.systems.ProductionSystemTest
[INFO] Running com.spacesim.systems.GenericNpcInertiaAcceptanceTest
[INFO] Tests run: 2, Failures: 0, Errors: 0, Skipped: 0, Time elapsed: 0.009 s -- in com.spacesim.systems.GenericNpcInertiaAcceptanceTest
[INFO] Running com.spacesim.systems.TradeAISystemTest
[INFO] Tests run: 14, Failures: 0, Errors: 0, Skipped: 0, Time elapsed: 0.069 s -- in com.spacesim.systems.TradeAISystemTest
[INFO] Running com.spacesim.systems.ConsumptionSystemTest
[INFO] Tests run: 6, Failures: 0, Errors: 0, Skipped: 0, Time elapsed: 0.018 s -- in com.spacesim.systems.ConsumptionSystemTest
[INFO] Running com.spacesim.systems.TradeAISystemStaleRouteTest
[INFO] Tests run: 1, Failures: 0, Errors: 0, Skipped: 0, Time elapsed: 0.004 s -- in com.spacesim.systems.TradeAISystemStaleRouteTest
[INFO] Running com.spacesim.systems.MiningSystemTest
[INFO] Tests run: 15, Failures: 0, Errors: 0, Skipped: 0, Time elapsed: 0.013 s -- in com.spacesim.systems.MiningSystemTest
[INFO] Running com.spacesim.systems.TradeAISystemProfitTimeTest
[INFO] Tests run: 2, Failures: 0, Errors: 0, Skipped: 0, Time elapsed: 0.006 s -- in com.spacesim.systems.TradeAISystemProfitTimeTest
[INFO] Running com.spacesim.controllers.FactionMarketAccessIntegrationTest
[INFO] Tests run: 2, Failures: 0, Errors: 0, Skipped: 0, Time elapsed: 0.002 s -- in com.spacesim.controllers.FactionMarketAccessIntegrationTest
[INFO] Running com.spacesim.controllers.TradeControllerTest
[INFO] Tests run: 8, Failures: 0, Errors: 0, Skipped: 0, Time elapsed: 0.008 s -- in com.spacesim.controllers.TradeControllerTest
[INFO] Running com.spacesim.controllers.ReputationTradeControllerTest
[INFO] Tests run: 3, Failures: 0, Errors: 0, Skipped: 0, Time elapsed: 0.006 s -- in com.spacesim.controllers.ReputationTradeControllerTest
[INFO] Running com.spacesim.controllers.WalletTradeControllerTest
[INFO] Tests run: 4, Failures: 0, Errors: 0, Skipped: 0, Time elapsed: 0.007 s -- in com.spacesim.controllers.WalletTradeControllerTest
[INFO] 
[INFO] Results:
[INFO] 
[ERROR] Errors: 
[ERROR]   Stage17TransitFleetAffiliationAcceptanceTest.transitAffiliationSurvivesMidJumpSaveLoadAndOrdinaryArrival:99 » IllegalArgument Некорректный runtime faction ID флота
[INFO] 
[ERROR] Tests run: 538, Failures: 0, Errors: 1, Skipped: 0
[INFO] 
[INFO] ------------------------------------------------------------------------
[INFO] BUILD FAILURE
[INFO] ------------------------------------------------------------------------
[INFO] Total time:  49.549 s
[INFO] Finished at: 2026-08-15T01:33:54Z
[INFO] ------------------------------------------------------------------------
[ERROR] Failed to execute goal org.apache.maven.plugins:maven-surefire-plugin:3.5.4:test (default-test) on project economy-core: 
[ERROR] 
[ERROR] See /home/runner/work/StarEmpires/StarEmpires/target/surefire-reports for the individual test results.
[ERROR] See dump files (if any exist) [date].dump, [date]-jvmRun[N].dump and [date].dumpstream.
[ERROR] -> [Help 1]
[ERROR] 
[ERROR] To see the full stack trace of the errors, re-run Maven with the -e switch.
[ERROR] Re-run Maven using the -X switch to enable full debug logging.
[ERROR] 
[ERROR] For more information about the errors and possible solutions, please read the following articles:
[ERROR] [Help 1] http://cwiki.apache.org/confluence/display/MAVEN/MojoFailureException
