verify_exit_code=1
--- FAILURES ---
10:[INFO] --- jacoco:0.8.15:prepare-agent (prepare-coverage-agent) @ economy-core ---
11:[INFO] argLine set to -javaagent:/home/runner/.m2/repository/org/jacoco/org.jacoco.agent/0.8.15/org.jacoco.agent-0.8.15-runtime.jar=destfile=/home/runner/work/StarEmpires/StarEmpires/target/jacoco.exec,excludes=com/spacesim/SpaceSimGame*:com/spacesim/PlayableTestGame*:com/spacesim/desktop/**:com/spacesim/ui/WorldMapRenderer*:com/spacesim/ui/LocalMinimapRenderer*
128:[ERROR] Tests run: 3, Failures: 0, Errors: 2, Skipped: 0, Time elapsed: 0.057 s <<< FAILURE! -- in com.spacesim.trade.Stage10InterSystemLogisticsAcceptanceTest
129:[ERROR] com.spacesim.trade.Stage10InterSystemLogisticsAcceptanceTest.configurableHopHorizonBoundsDiscovery -- Time elapsed: 0.035 s <<< ERROR!
139:[ERROR] com.spacesim.trade.Stage10InterSystemLogisticsAcceptanceTest.profitableRemoteShortageIsSuppliedByPhysicalFleetTransit -- Time elapsed: 0.006 s <<< ERROR!
152:[ERROR] Tests run: 3, Failures: 0, Errors: 2, Skipped: 0, Time elapsed: 0.013 s <<< FAILURE! -- in com.spacesim.trade.TradeRouteAccessPlanningTest
153:[ERROR] com.spacesim.trade.TradeRouteAccessPlanningTest.prefersAllowedConsumerOverMoreProfitableDeniedMarket -- Time elapsed: 0.003 s <<< ERROR!
162:[ERROR] com.spacesim.trade.TradeRouteAccessPlanningTest.unfactionedAccessAndAccessMutationAffectPlanningAndRevision -- Time elapsed: 0.005 s <<< ERROR!
172:[ERROR] Tests run: 7, Failures: 0, Errors: 4, Skipped: 0, Time elapsed: 0.037 s <<< FAILURE! -- in com.spacesim.trade.TradeRoutePlannerTest
173:[ERROR] com.spacesim.trade.TradeRoutePlannerTest.routeCostModelМожетИзменитьЛучшийМаршрутБезИзмененияFsm -- Time elapsed: 0.002 s <<< ERROR!
183:[ERROR] com.spacesim.trade.TradeRoutePlannerTest.grossProfitИProfitPerSecondНамеренноВыбираютРазныеМаршруты -- Time elapsed: 0.001 s <<< ERROR!
193:[ERROR] com.spacesim.trade.TradeRoutePlannerTest.plannerСохраняетЛимитыCargoDemandИLiquidity -- Time elapsed: 0.001 s <<< ERROR!
203:[ERROR] com.spacesim.trade.TradeRoutePlannerTest.existingCargoИспользуетRevenuePerSecondАНеТолькоМаксимальнуюВыручку -- Time elapsed: 0.004 s <<< ERROR!
214:[ERROR] Tests run: 2, Failures: 0, Errors: 2, Skipped: 0, Time elapsed: 0.018 s <<< FAILURE! -- in com.spacesim.trade.GalacticTradeScoringTest
215:[ERROR] com.spacesim.trade.GalacticTradeScoringTest.externalCostCanRejectGalacticRoute -- Time elapsed: 0.011 s <<< ERROR!
224:[ERROR] com.spacesim.trade.GalacticTradeScoringTest.sharedCostModelReceivesGalacticContext -- Time elapsed: 0.003 s <<< ERROR!
277:[ERROR] Tests run: 3, Failures: 0, Errors: 3, Skipped: 0, Time elapsed: 0.016 s <<< FAILURE! -- in com.spacesim.world.WorldTradeRouteCostModelTest
278:[ERROR] com.spacesim.world.WorldTradeRouteCostModelTest.localContextHasNoWorldPolicyCost -- Time elapsed: 0.001 s <<< ERROR!
287:[ERROR] com.spacesim.world.WorldTradeRouteCostModelTest.combinesCargoRiskWithForeignSupplierFiscalExposure -- Time elapsed: 0 s <<< ERROR!
296:[ERROR] com.spacesim.world.WorldTradeRouteCostModelTest.ownSupplierMarketAvoidsForeignTariffExposure -- Time elapsed: 0.002 s <<< ERROR!
338:[ERROR] Tests run: 1, Failures: 0, Errors: 1, Skipped: 0, Time elapsed: 0.002 s <<< FAILURE! -- in com.spacesim.world.WorldGalacticRouteChoiceTest
339:[ERROR] com.spacesim.world.WorldGalacticRouteChoiceTest.fiscalExposureCanFlipSupplierChoiceInsideSharedPlanner -- Time elapsed: 0.001 s <<< ERROR!
503:[ERROR] Errors: 
504:[ERROR]   GalacticTradeScoringTest.externalCostCanRejectGalacticRoute:90->fleet:95 » IllegalArgument reputation должен иметь длину Constants.MAX_FACTIONS
505:[ERROR]   GalacticTradeScoringTest.sharedCostModelReceivesGalacticContext:54->fleet:95 » IllegalArgument reputation должен иметь длину Constants.MAX_FACTIONS
506:[ERROR]   Stage10InterSystemLogisticsAcceptanceTest.configurableHopHorizonBoundsDiscovery:72 » IllegalArgument reputation должен иметь длину Constants.MAX_FACTIONS
507:[ERROR]   Stage10InterSystemLogisticsAcceptanceTest.profitableRemoteShortageIsSuppliedByPhysicalFleetTransit:90 » IllegalArgument reputation должен иметь длину Constants.MAX_FACTIONS
508:[ERROR]   TradeRouteAccessPlanningTest.prefersAllowedConsumerOverMoreProfitableDeniedMarket:38->fleet:85 » IllegalArgument reputation должен иметь длину Constants.MAX_FACTIONS
509:[ERROR]   TradeRouteAccessPlanningTest.unfactionedAccessAndAccessMutationAffectPlanningAndRevision:57->fleet:85 » IllegalArgument reputation должен иметь длину Constants.MAX_FACTIONS
510:[ERROR]   TradeRoutePlannerTest.existingCargoИспользуетRevenuePerSecondАНеТолькоМаксимальнуюВыручку:86->fleetProfileWithFoodCargo:220 » IllegalArgument reputation должен иметь длину Constants.MAX_FACTIONS
511:[ERROR]   TradeRoutePlannerTest.grossProfitИProfitPerSecondНамеренноВыбираютРазныеМаршруты:34->fleetProfile:198 » IllegalArgument reputation должен иметь длину Constants.MAX_FACTIONS
512:[ERROR]   TradeRoutePlannerTest.plannerСохраняетЛимитыCargoDemandИLiquidity:112->fleetProfile:198 » IllegalArgument reputation должен иметь длину Constants.MAX_FACTIONS
513:[ERROR]   TradeRoutePlannerTest.routeCostModelМожетИзменитьЛучшийМаршрутБезИзмененияFsm:63->fleetProfile:198 » IllegalArgument reputation должен иметь длину Constants.MAX_FACTIONS
514:[ERROR]   WorldGalacticRouteChoiceTest.fiscalExposureCanFlipSupplierChoiceInsideSharedPlanner:48->fleet:99 » IllegalArgument reputation должен иметь длину Constants.MAX_FACTIONS
515:[ERROR]   WorldTradeRouteCostModelTest.combinesCargoRiskWithForeignSupplierFiscalExposure:26->fleet:82 » IllegalArgument reputation должен иметь длину Constants.MAX_FACTIONS
516:[ERROR]   WorldTradeRouteCostModelTest.localContextHasNoWorldPolicyCost:46->fleet:82 » IllegalArgument reputation должен иметь длину Constants.MAX_FACTIONS
517:[ERROR]   WorldTradeRouteCostModelTest.ownSupplierMarketAvoidsForeignTariffExposure:36->fleet:82 » IllegalArgument reputation должен иметь длину Constants.MAX_FACTIONS
519:[ERROR] Tests run: 541, Failures: 0, Errors: 14, Skipped: 0
522:[INFO] BUILD FAILURE
527:[ERROR] Failed to execute goal org.apache.maven.plugins:maven-surefire-plugin:3.5.4:test (default-test) on project economy-core: 
528:[ERROR] 
529:[ERROR] See /home/runner/work/StarEmpires/StarEmpires/target/surefire-reports for the individual test results.
530:[ERROR] See dump files (if any exist) [date].dump, [date]-jvmRun[N].dump and [date].dumpstream.
531:[ERROR] -> [Help 1]
532:[ERROR] 
533:[ERROR] To see the full stack trace of the errors, re-run Maven with the -e switch.
534:[ERROR] Re-run Maven using the -X switch to enable full debug logging.
535:[ERROR] 
536:[ERROR] For more information about the errors and possible solutions, please read the following articles:
537:[ERROR] [Help 1] http://cwiki.apache.org/confluence/display/MAVEN/MojoFailureException
--- TAIL ---
[INFO] Tests run: 1, Failures: 0, Errors: 0, Skipped: 0, Time elapsed: 0.022 s -- in com.spacesim.world.Stage8FactionEconomyEndToEndTest
[INFO] Running com.spacesim.world.WorldSimulationFactionFiscalTest
[INFO] Tests run: 1, Failures: 0, Errors: 0, Skipped: 0, Time elapsed: 0.009 s -- in com.spacesim.world.WorldSimulationFactionFiscalTest
[INFO] Running com.spacesim.world.GalaxyTopologyTest
[INFO] Tests run: 5, Failures: 0, Errors: 0, Skipped: 0, Time elapsed: 0.019 s -- in com.spacesim.world.GalaxyTopologyTest
[INFO] Running com.spacesim.world.FleetJumpPersistenceTest
[INFO] Tests run: 1, Failures: 0, Errors: 0, Skipped: 0, Time elapsed: 0.021 s -- in com.spacesim.world.FleetJumpPersistenceTest
[INFO] Running com.spacesim.world.DestructionServiceIntegrationTest
[INFO] Tests run: 7, Failures: 0, Errors: 0, Skipped: 0, Time elapsed: 0.067 s -- in com.spacesim.world.DestructionServiceIntegrationTest
[INFO] Running com.spacesim.world.ConstructionDurationIntegrationTest
[INFO] Tests run: 1, Failures: 0, Errors: 0, Skipped: 0, Time elapsed: 0.007 s -- in com.spacesim.world.ConstructionDurationIntegrationTest
[INFO] Running com.spacesim.world.ConstructionDurationPolicyTest
[INFO] Tests run: 4, Failures: 0, Errors: 0, Skipped: 0, Time elapsed: 0.004 s -- in com.spacesim.world.ConstructionDurationPolicyTest
[INFO] Running com.spacesim.world.FleetJumpServiceTest
[INFO] Tests run: 3, Failures: 0, Errors: 0, Skipped: 0, Time elapsed: 0.016 s -- in com.spacesim.world.FleetJumpServiceTest
[INFO] Running com.spacesim.world.Stage17LiveFactionResolverAcceptanceTest
[INFO] Tests run: 3, Failures: 0, Errors: 0, Skipped: 0, Time elapsed: 0.015 s -- in com.spacesim.world.Stage17LiveFactionResolverAcceptanceTest
[INFO] Running com.spacesim.world.WorldSimulationFactionStrategyTest
[INFO] Tests run: 2, Failures: 0, Errors: 0, Skipped: 0, Time elapsed: 0.008 s -- in com.spacesim.world.WorldSimulationFactionStrategyTest
[INFO] Running com.spacesim.world.WorldGalacticRouteChoiceTest
[ERROR] Tests run: 1, Failures: 0, Errors: 1, Skipped: 0, Time elapsed: 0.002 s <<< FAILURE! -- in com.spacesim.world.WorldGalacticRouteChoiceTest
[ERROR] com.spacesim.world.WorldGalacticRouteChoiceTest.fiscalExposureCanFlipSupplierChoiceInsideSharedPlanner -- Time elapsed: 0.001 s <<< ERROR!
java.lang.IllegalArgumentException: reputation должен иметь длину Constants.MAX_FACTIONS
	at com.spacesim.trade.FleetTradeProfile.<init>(FleetTradeProfile.java:116)
	at com.spacesim.world.WorldGalacticRouteChoiceTest.fleet(WorldGalacticRouteChoiceTest.java:99)
	at com.spacesim.world.WorldGalacticRouteChoiceTest.fiscalExposureCanFlipSupplierChoiceInsideSharedPlanner(WorldGalacticRouteChoiceTest.java:48)
	at java.base/java.lang.reflect.Method.invoke(Method.java:569)
	at java.base/java.util.ArrayList.forEach(ArrayList.java:1511)
	at java.base/java.util.ArrayList.forEach(ArrayList.java:1511)

[INFO] Running com.spacesim.events.GlobalEventManagerPersistenceTest
[INFO] Tests run: 3, Failures: 0, Errors: 0, Skipped: 0, Time elapsed: 0.007 s -- in com.spacesim.events.GlobalEventManagerPersistenceTest
[INFO] Running com.spacesim.events.GlobalEventManagerTest
[INFO] Tests run: 8, Failures: 0, Errors: 0, Skipped: 0, Time elapsed: 0.033 s -- in com.spacesim.events.GlobalEventManagerTest
[INFO] Running com.spacesim.events.NewsGameTimeTest
[INFO] Tests run: 3, Failures: 0, Errors: 0, Skipped: 0, Time elapsed: 0.008 s -- in com.spacesim.events.NewsGameTimeTest
[INFO] Running com.spacesim.persistence.SimulationPersistenceTest
[INFO] Tests run: 4, Failures: 0, Errors: 0, Skipped: 0, Time elapsed: 0.065 s -- in com.spacesim.persistence.SimulationPersistenceTest
[INFO] Running com.spacesim.persistence.GameStateCodecTest
[INFO] Tests run: 5, Failures: 0, Errors: 0, Skipped: 0, Time elapsed: 0.198 s -- in com.spacesim.persistence.GameStateCodecTest
[INFO] Running com.spacesim.persistence.Stage17FactionReputationPersistenceTest
[INFO] Tests run: 3, Failures: 0, Errors: 0, Skipped: 0, Time elapsed: 0.008 s -- in com.spacesim.persistence.Stage17FactionReputationPersistenceTest
[INFO] Running com.spacesim.persistence.WorldPersistenceTest
[INFO] Tests run: 5, Failures: 0, Errors: 0, Skipped: 0, Time elapsed: 0.241 s -- in com.spacesim.persistence.WorldPersistenceTest
[INFO] Running com.spacesim.persistence.EntityIdentityInfrastructureTest
[INFO] Tests run: 7, Failures: 0, Errors: 0, Skipped: 0, Time elapsed: 0.010 s -- in com.spacesim.persistence.EntityIdentityInfrastructureTest
[INFO] Running com.spacesim.persistence.PersistentComponentReferenceTest
[INFO] Tests run: 2, Failures: 0, Errors: 0, Skipped: 0, Time elapsed: 0.003 s -- in com.spacesim.persistence.PersistentComponentReferenceTest
[INFO] Running com.spacesim.persistence.Stage10AWorldMigrationTest
[INFO] Tests run: 1, Failures: 0, Errors: 0, Skipped: 0, Time elapsed: 0.006 s -- in com.spacesim.persistence.Stage10AWorldMigrationTest
[INFO] Running com.spacesim.persistence.Stage17WorldFactionIdentityPersistenceTest
[INFO] Tests run: 4, Failures: 0, Errors: 0, Skipped: 0, Time elapsed: 0.015 s -- in com.spacesim.persistence.Stage17WorldFactionIdentityPersistenceTest
[INFO] Running com.spacesim.persistence.GameStateMigrationTest
[INFO] Tests run: 1, Failures: 0, Errors: 0, Skipped: 0, Time elapsed: 0.005 s -- in com.spacesim.persistence.GameStateMigrationTest
[INFO] Running com.spacesim.persistence.Stage16PlayerOwnershipCodecTest
[INFO] Tests run: 2, Failures: 0, Errors: 0, Skipped: 0, Time elapsed: 0.017 s -- in com.spacesim.persistence.Stage16PlayerOwnershipCodecTest
[INFO] Running com.spacesim.persistence.Stage11BGrowthPlanPersistenceTest
[INFO] Tests run: 2, Failures: 0, Errors: 0, Skipped: 0, Time elapsed: 0.043 s -- in com.spacesim.persistence.Stage11BGrowthPlanPersistenceTest
[INFO] Running com.spacesim.persistence.PlayableWorldStateCodecTest
[INFO] Tests run: 2, Failures: 0, Errors: 0, Skipped: 0, Time elapsed: 0.019 s -- in com.spacesim.persistence.PlayableWorldStateCodecTest
[INFO] Running com.spacesim.persistence.EntityStateMapperTest
[INFO] Tests run: 4, Failures: 0, Errors: 0, Skipped: 0, Time elapsed: 0.007 s -- in com.spacesim.persistence.EntityStateMapperTest
[INFO] Running com.spacesim.persistence.WorldStateCodecTest
[INFO] Tests run: 14, Failures: 0, Errors: 0, Skipped: 0, Time elapsed: 0.087 s -- in com.spacesim.persistence.WorldStateCodecTest
[INFO] Running com.spacesim.persistence.EntityIdentityWorldIntegrationTest
[INFO] Tests run: 3, Failures: 0, Errors: 0, Skipped: 0, Time elapsed: 0.004 s -- in com.spacesim.persistence.EntityIdentityWorldIntegrationTest
[INFO] Running com.spacesim.persistence.Stage16WorldConstructionMigrationTest
[INFO] Tests run: 1, Failures: 0, Errors: 0, Skipped: 0, Time elapsed: 0.007 s -- in com.spacesim.persistence.Stage16WorldConstructionMigrationTest
[INFO] Running com.spacesim.ui.EconomyStatusUITest
[INFO] Tests run: 3, Failures: 0, Errors: 0, Skipped: 0, Time elapsed: 0.043 s -- in com.spacesim.ui.EconomyStatusUITest
[INFO] Running com.spacesim.ui.NewsUITest
[INFO] Tests run: 2, Failures: 0, Errors: 0, Skipped: 0, Time elapsed: 0.004 s -- in com.spacesim.ui.NewsUITest
[INFO] Running com.spacesim.ui.LocalMinimapModelTest
[INFO] Tests run: 1, Failures: 0, Errors: 0, Skipped: 0, Time elapsed: 0.008 s -- in com.spacesim.ui.LocalMinimapModelTest
[INFO] Running com.spacesim.ui.EntityDetailsUITest
[INFO] Tests run: 7, Failures: 0, Errors: 0, Skipped: 0, Time elapsed: 0.097 s -- in com.spacesim.ui.EntityDetailsUITest
[INFO] Running com.spacesim.ui.WorldMapRendererTest
[INFO] Tests run: 5, Failures: 0, Errors: 0, Skipped: 0, Time elapsed: 0.041 s -- in com.spacesim.ui.WorldMapRendererTest
[INFO] Running com.spacesim.ui.PlayableCameraStateTest
[INFO] Tests run: 2, Failures: 0, Errors: 0, Skipped: 0, Time elapsed: 0.002 s -- in com.spacesim.ui.PlayableCameraStateTest
[INFO] Running com.spacesim.ui.PriceGraphRendererTest
[INFO] Tests run: 3, Failures: 0, Errors: 0, Skipped: 0, Time elapsed: 0.004 s -- in com.spacesim.ui.PriceGraphRendererTest
[INFO] Running com.spacesim.ui.PlayableMapEntityFilterTest
[INFO] Tests run: 2, Failures: 0, Errors: 0, Skipped: 0, Time elapsed: 0.008 s -- in com.spacesim.ui.PlayableMapEntityFilterTest
[INFO] Running com.spacesim.ui.WorldMapLayoutTest
[INFO] Tests run: 10, Failures: 0, Errors: 0, Skipped: 0, Time elapsed: 0.022 s -- in com.spacesim.ui.WorldMapLayoutTest
[INFO] Running com.spacesim.ui.EntityPickerTest
[INFO] Tests run: 6, Failures: 0, Errors: 0, Skipped: 0, Time elapsed: 0.011 s -- in com.spacesim.ui.EntityPickerTest
[INFO] Running com.spacesim.content.ContentCatalogLoaderTest
[INFO] Tests run: 8, Failures: 0, Errors: 0, Skipped: 0, Time elapsed: 0.029 s -- in com.spacesim.content.ContentCatalogLoaderTest
[INFO] Running com.spacesim.content.ArchetypeEntityFactoryTest
[INFO] Tests run: 1, Failures: 0, Errors: 0, Skipped: 0, Time elapsed: 0.001 s -- in com.spacesim.content.ArchetypeEntityFactoryTest
[INFO] Running com.spacesim.content.ContentArchetypeValidationTest
[INFO] Tests run: 3, Failures: 0, Errors: 0, Skipped: 0, Time elapsed: 0.010 s -- in com.spacesim.content.ContentArchetypeValidationTest
[INFO] Running com.spacesim.content.DataOnlyItemIntegrationTest
[INFO] Tests run: 1, Failures: 0, Errors: 0, Skipped: 0, Time elapsed: 0.005 s -- in com.spacesim.content.DataOnlyItemIntegrationTest
[INFO] Running com.spacesim.content.ContentFingerprintTest
[INFO] Tests run: 3, Failures: 0, Errors: 0, Skipped: 0, Time elapsed: 0.018 s -- in com.spacesim.content.ContentFingerprintTest
[INFO] Running com.spacesim.DemoGalaxyFactoryTest
[INFO] Tests run: 2, Failures: 0, Errors: 0, Skipped: 0, Time elapsed: 0.020 s -- in com.spacesim.DemoGalaxyFactoryTest
[INFO] Running com.spacesim.flight.Stage14FlightDynamicsAcceptanceTest
[INFO] Tests run: 4, Failures: 0, Errors: 0, Skipped: 0, Time elapsed: 0.006 s -- in com.spacesim.flight.Stage14FlightDynamicsAcceptanceTest
[INFO] Running com.spacesim.model.ItemTypeTest
[INFO] Tests run: 3, Failures: 0, Errors: 0, Skipped: 0, Time elapsed: 0.006 s -- in com.spacesim.model.ItemTypeTest
[INFO] Running com.spacesim.model.ShipTypeTest
[INFO] Tests run: 4, Failures: 0, Errors: 0, Skipped: 0, Time elapsed: 0.004 s -- in com.spacesim.model.ShipTypeTest
[INFO] Running com.spacesim.presentation.PresentationPipelineTest
[INFO] Tests run: 4, Failures: 0, Errors: 0, Skipped: 0, Time elapsed: 0.030 s -- in com.spacesim.presentation.PresentationPipelineTest
[INFO] Running com.spacesim.presentation.asset.ShipSpriteSpecTest
[INFO] Tests run: 4, Failures: 0, Errors: 0, Skipped: 0, Time elapsed: 0.006 s -- in com.spacesim.presentation.asset.ShipSpriteSpecTest
[INFO] Running com.spacesim.presentation.asset.SpriteOrientationTransformTest
[INFO] Tests run: 3, Failures: 0, Errors: 0, Skipped: 0, Time elapsed: 0.005 s -- in com.spacesim.presentation.asset.SpriteOrientationTransformTest
[INFO] Running com.spacesim.presentation.asset.ProjectShipSpritesTest
[INFO] Tests run: 3, Failures: 0, Errors: 0, Skipped: 0, Time elapsed: 0.005 s -- in com.spacesim.presentation.asset.ProjectShipSpritesTest
[INFO] Running com.spacesim.presentation.validation.FrameTimeWindowTest
[INFO] Tests run: 3, Failures: 0, Errors: 0, Skipped: 0, Time elapsed: 0.005 s -- in com.spacesim.presentation.validation.FrameTimeWindowTest
[INFO] Running com.spacesim.presentation.validation.GraphicsValidationProfileTest
[INFO] Tests run: 2, Failures: 0, Errors: 0, Skipped: 0, Time elapsed: 0.005 s -- in com.spacesim.presentation.validation.GraphicsValidationProfileTest
[INFO] Running com.spacesim.combat.benchmark.ShipMathematicsV06ThermalAcceptanceTest
[INFO] Tests run: 4, Failures: 0, Errors: 0, Skipped: 0, Time elapsed: 0.035 s -- in com.spacesim.combat.benchmark.ShipMathematicsV06ThermalAcceptanceTest
[INFO] Running com.spacesim.combat.benchmark.ShipMathematicsV08SensorTrackAcceptanceTest
[INFO] Tests run: 7, Failures: 0, Errors: 0, Skipped: 0, Time elapsed: 0.026 s -- in com.spacesim.combat.benchmark.ShipMathematicsV08SensorTrackAcceptanceTest
[INFO] Running com.spacesim.combat.benchmark.ShipMathematicsV05SweepAcceptanceTest
[INFO] Tests run: 4, Failures: 0, Errors: 0, Skipped: 0, Time elapsed: 11.80 s -- in com.spacesim.combat.benchmark.ShipMathematicsV05SweepAcceptanceTest
[INFO] Running com.spacesim.combat.benchmark.ShipMathematicsV07ProtectionAcceptanceTest
[INFO] Tests run: 4, Failures: 0, Errors: 0, Skipped: 0, Time elapsed: 0.011 s -- in com.spacesim.combat.benchmark.ShipMathematicsV07ProtectionAcceptanceTest
[INFO] Running com.spacesim.combat.benchmark.ShipMathematicsV04AcceptanceTest
[INFO] Tests run: 3, Failures: 0, Errors: 0, Skipped: 0, Time elapsed: 0.318 s -- in com.spacesim.combat.benchmark.ShipMathematicsV04AcceptanceTest
[INFO] Running com.spacesim.combat.Stage13CombatAcceptanceTest
[INFO] Tests run: 2, Failures: 0, Errors: 0, Skipped: 0, Time elapsed: 0.009 s -- in com.spacesim.combat.Stage13CombatAcceptanceTest
[INFO] Running com.spacesim.economy.MoneyConservationSimulationTest
[INFO] Tests run: 1, Failures: 0, Errors: 0, Skipped: 0, Time elapsed: 0.017 s -- in com.spacesim.economy.MoneyConservationSimulationTest
[INFO] Running com.spacesim.economy.EconomicLedgerTest
[INFO] Tests run: 5, Failures: 0, Errors: 0, Skipped: 0, Time elapsed: 0.010 s -- in com.spacesim.economy.EconomicLedgerTest
[INFO] Running com.spacesim.economy.MoneyTest
[INFO] Tests run: 5, Failures: 0, Errors: 0, Skipped: 0, Time elapsed: 0.038 s -- in com.spacesim.economy.MoneyTest
[INFO] Running com.spacesim.economy.EconomicInvariantsIntegrationTest
[INFO] Tests run: 3, Failures: 0, Errors: 0, Skipped: 0, Time elapsed: 0.003 s -- in com.spacesim.economy.EconomicInvariantsIntegrationTest
[INFO] Running com.spacesim.economy.EconomicLedgerDeterminismTest
[INFO] Tests run: 1, Failures: 0, Errors: 0, Skipped: 0, Time elapsed: 0.036 s -- in com.spacesim.economy.EconomicLedgerDeterminismTest
[INFO] Running com.spacesim.util.SpatialHashGridTest
[INFO] Tests run: 1, Failures: 0, Errors: 0, Skipped: 0, Time elapsed: 0.003 s -- in com.spacesim.util.SpatialHashGridTest
[INFO] Running com.spacesim.components.AsteroidComponentTest
[INFO] Tests run: 2, Failures: 0, Errors: 0, Skipped: 0, Time elapsed: 0.005 s -- in com.spacesim.components.AsteroidComponentTest
[INFO] Running com.spacesim.components.IdentityComponentTest
[INFO] Tests run: 3, Failures: 0, Errors: 0, Skipped: 0, Time elapsed: 0.006 s -- in com.spacesim.components.IdentityComponentTest
[INFO] Running com.spacesim.components.ShipRoleComponentsTest
[INFO] Tests run: 5, Failures: 0, Errors: 0, Skipped: 0, Time elapsed: 0.007 s -- in com.spacesim.components.ShipRoleComponentsTest
[INFO] Running com.spacesim.components.WalletComponentTest
[INFO] Tests run: 5, Failures: 0, Errors: 0, Skipped: 0, Time elapsed: 0.008 s -- in com.spacesim.components.WalletComponentTest
[INFO] Running com.spacesim.systems.ManualMiningSystemTest
[INFO] Tests run: 5, Failures: 0, Errors: 0, Skipped: 0, Time elapsed: 0.007 s -- in com.spacesim.systems.ManualMiningSystemTest
[INFO] Running com.spacesim.systems.AsteroidSpawnSystemTest
[INFO] Tests run: 5, Failures: 0, Errors: 0, Skipped: 0, Time elapsed: 0.012 s -- in com.spacesim.systems.AsteroidSpawnSystemTest
[INFO] Running com.spacesim.systems.MarketSystemTest
[INFO] Tests run: 2, Failures: 0, Errors: 0, Skipped: 0, Time elapsed: 0.010 s -- in com.spacesim.systems.MarketSystemTest
[INFO] Running com.spacesim.systems.PriceRecorderSystemTest
[INFO] Tests run: 6, Failures: 0, Errors: 0, Skipped: 0, Time elapsed: 0.010 s -- in com.spacesim.systems.PriceRecorderSystemTest
[INFO] Running com.spacesim.systems.CombatAISystemTest
[INFO] Tests run: 1, Failures: 0, Errors: 0, Skipped: 0, Time elapsed: 0.002 s -- in com.spacesim.systems.CombatAISystemTest
[INFO] Running com.spacesim.systems.ProductionSystemTest
[INFO] Tests run: 9, Failures: 0, Errors: 0, Skipped: 0, Time elapsed: 0.018 s -- in com.spacesim.systems.ProductionSystemTest
[INFO] Running com.spacesim.systems.GenericNpcInertiaAcceptanceTest
[INFO] Tests run: 2, Failures: 0, Errors: 0, Skipped: 0, Time elapsed: 0.007 s -- in com.spacesim.systems.GenericNpcInertiaAcceptanceTest
[INFO] Running com.spacesim.systems.TradeAISystemTest
[INFO] Tests run: 14, Failures: 0, Errors: 0, Skipped: 0, Time elapsed: 0.035 s -- in com.spacesim.systems.TradeAISystemTest
[INFO] Running com.spacesim.systems.ConsumptionSystemTest
[INFO] Tests run: 6, Failures: 0, Errors: 0, Skipped: 0, Time elapsed: 0.021 s -- in com.spacesim.systems.ConsumptionSystemTest
[INFO] Running com.spacesim.systems.TradeAISystemStaleRouteTest
[INFO] Tests run: 1, Failures: 0, Errors: 0, Skipped: 0, Time elapsed: 0.006 s -- in com.spacesim.systems.TradeAISystemStaleRouteTest
[INFO] Running com.spacesim.systems.MiningSystemTest
[INFO] Tests run: 15, Failures: 0, Errors: 0, Skipped: 0, Time elapsed: 0.032 s -- in com.spacesim.systems.MiningSystemTest
[INFO] Running com.spacesim.systems.TradeAISystemProfitTimeTest
[INFO] Tests run: 2, Failures: 0, Errors: 0, Skipped: 0, Time elapsed: 0.004 s -- in com.spacesim.systems.TradeAISystemProfitTimeTest
[INFO] Running com.spacesim.controllers.FactionMarketAccessIntegrationTest
[INFO] Tests run: 2, Failures: 0, Errors: 0, Skipped: 0, Time elapsed: 0.001 s -- in com.spacesim.controllers.FactionMarketAccessIntegrationTest
[INFO] Running com.spacesim.controllers.TradeControllerTest
[INFO] Tests run: 8, Failures: 0, Errors: 0, Skipped: 0, Time elapsed: 0.006 s -- in com.spacesim.controllers.TradeControllerTest
[INFO] Running com.spacesim.controllers.ReputationTradeControllerTest
[INFO] Tests run: 3, Failures: 0, Errors: 0, Skipped: 0, Time elapsed: 0.007 s -- in com.spacesim.controllers.ReputationTradeControllerTest
[INFO] Running com.spacesim.controllers.WalletTradeControllerTest
[INFO] Tests run: 4, Failures: 0, Errors: 0, Skipped: 0, Time elapsed: 0.004 s -- in com.spacesim.controllers.WalletTradeControllerTest
[INFO] 
[INFO] Results:
[INFO] 
[ERROR] Errors: 
[ERROR]   GalacticTradeScoringTest.externalCostCanRejectGalacticRoute:90->fleet:95 » IllegalArgument reputation должен иметь длину Constants.MAX_FACTIONS
[ERROR]   GalacticTradeScoringTest.sharedCostModelReceivesGalacticContext:54->fleet:95 » IllegalArgument reputation должен иметь длину Constants.MAX_FACTIONS
[ERROR]   Stage10InterSystemLogisticsAcceptanceTest.configurableHopHorizonBoundsDiscovery:72 » IllegalArgument reputation должен иметь длину Constants.MAX_FACTIONS
[ERROR]   Stage10InterSystemLogisticsAcceptanceTest.profitableRemoteShortageIsSuppliedByPhysicalFleetTransit:90 » IllegalArgument reputation должен иметь длину Constants.MAX_FACTIONS
[ERROR]   TradeRouteAccessPlanningTest.prefersAllowedConsumerOverMoreProfitableDeniedMarket:38->fleet:85 » IllegalArgument reputation должен иметь длину Constants.MAX_FACTIONS
[ERROR]   TradeRouteAccessPlanningTest.unfactionedAccessAndAccessMutationAffectPlanningAndRevision:57->fleet:85 » IllegalArgument reputation должен иметь длину Constants.MAX_FACTIONS
[ERROR]   TradeRoutePlannerTest.existingCargoИспользуетRevenuePerSecondАНеТолькоМаксимальнуюВыручку:86->fleetProfileWithFoodCargo:220 » IllegalArgument reputation должен иметь длину Constants.MAX_FACTIONS
[ERROR]   TradeRoutePlannerTest.grossProfitИProfitPerSecondНамеренноВыбираютРазныеМаршруты:34->fleetProfile:198 » IllegalArgument reputation должен иметь длину Constants.MAX_FACTIONS
[ERROR]   TradeRoutePlannerTest.plannerСохраняетЛимитыCargoDemandИLiquidity:112->fleetProfile:198 » IllegalArgument reputation должен иметь длину Constants.MAX_FACTIONS
[ERROR]   TradeRoutePlannerTest.routeCostModelМожетИзменитьЛучшийМаршрутБезИзмененияFsm:63->fleetProfile:198 » IllegalArgument reputation должен иметь длину Constants.MAX_FACTIONS
[ERROR]   WorldGalacticRouteChoiceTest.fiscalExposureCanFlipSupplierChoiceInsideSharedPlanner:48->fleet:99 » IllegalArgument reputation должен иметь длину Constants.MAX_FACTIONS
[ERROR]   WorldTradeRouteCostModelTest.combinesCargoRiskWithForeignSupplierFiscalExposure:26->fleet:82 » IllegalArgument reputation должен иметь длину Constants.MAX_FACTIONS
[ERROR]   WorldTradeRouteCostModelTest.localContextHasNoWorldPolicyCost:46->fleet:82 » IllegalArgument reputation должен иметь длину Constants.MAX_FACTIONS
[ERROR]   WorldTradeRouteCostModelTest.ownSupplierMarketAvoidsForeignTariffExposure:36->fleet:82 » IllegalArgument reputation должен иметь длину Constants.MAX_FACTIONS
[INFO] 
[ERROR] Tests run: 541, Failures: 0, Errors: 14, Skipped: 0
[INFO] 
[INFO] ------------------------------------------------------------------------
[INFO] BUILD FAILURE
[INFO] ------------------------------------------------------------------------
[INFO] Total time:  48.862 s
[INFO] Finished at: 2026-08-15T02:16:29Z
[INFO] ------------------------------------------------------------------------
[ERROR] Failed to execute goal org.apache.maven.plugins:maven-surefire-plugin:3.5.4:test (default-test) on project economy-core: 
[ERROR] 
[ERROR] See /home/runner/work/StarEmpires/StarEmpires/target/surefire-reports for the individual test results.
[ERROR] See dump files (if any exist) [date].dump, [date]-jvmRun[N].dump and [date].dumpstream.
[ERROR] -> [Help 1]
[ERROR] 
[ERROR] To see the full stack trace of the errors, re-run Maven with the -e switch.
[ERROR] Re-run Maven using the -X switch to enable full debug logging.
[ERROR] 
[ERROR] For more information about the errors and possible solutions, please read the following articles:
[ERROR] [Help 1] http://cwiki.apache.org/confluence/display/MAVEN/MojoFailureException
